---
source: src/backend/cuda/test.rs
expression: ir.kernel_history()
---
Kernel History:
Launched CUDA Kernel 13906527503726174042 with 3 elements
===============================================
Kernel 13906527503726174042:

.version 8.0
.target sm_86
.address_size 64

.entry cujit(
	.param .align 8 .b8 params[32]) {

	.reg.b8   %b <9>; .reg.b16 %w<9>; .reg.b32 %r<9>;
	.reg.b64  %rd<9>; .reg.f32 %f<9>; .reg.f64 %d<9>;
	.reg.pred %p <9>;

	mov.u32 %r0, %ctaid.x;
	mov.u32 %r1, %ntid.x;
	mov.u32 %r2, %tid.x;
	mad.lo.u32 %r0, %r0, %r1, %r2; // r0 <- Index

	// Index Conditional (jump to done if Index >= Size).
	ld.param.u32 %r2, [params]; // r2 <- params[0] (Size)
	setp.ge.u32 %p0, %r0, %r2; // p0 <- r0 >= r2
	@%p0 bra done; // if p0 => done
	
	mov.u32 %r3, %nctaid.x; // r3 <- nctaid.x
	mul.lo.u32 %r1, %r3, %r1; // r1 <- r3 * r1
	
body: // sm_86

	// [0]: ScheduleVar { op: Literal, deps: [], ty: U32, reg: 5, param_ty: None, data: Literal(1), size: 1, sbt_hash: 0 } =>
	mov.b32 %r5, 0x1;


	// [1]: ScheduleVar { op: Data, deps: [], ty: U32, reg: 6, param_ty: None, data: Buffer(0), size: 4, sbt_hash: 0 } =>

	// [2]: ScheduleVar { op: Data, deps: [], ty: U32, reg: 7, param_ty: Input, data: Buffer(1), size: 3, sbt_hash: 0 } =>
	ld.param.u64 %rd0, [params+16];
	mad.wide.u32 %rd0, %r0, 4, %rd0;
	ld.global.cs.u32 %r7, [%rd0];

	// [3]: ScheduleVar { op: Literal, deps: [], ty: Bool, reg: 8, param_ty: None, data: Literal(1), size: 1, sbt_hash: 0 } =>
	mov.pred %p8, 0x1;


	// [4]: ScheduleVar { op: Scatter { op: Add }, deps: [SVarId(0), SVarId(1), SVarId(2), SVarId(3)], ty: Void, reg: 4, param_ty: None, data: None, size: 3, sbt_hash: 0 } =>
	ld.param.u64 %rd0, [params+8];
	mad.wide.u32 %rd3, %r7, 4, %rd0;
	red.global.add.u32 [%rd3], %r5;

	//End of Kernel:

	add.u32 %r0, %r0, %r1; // r0 <- r0 + r1
	setp.ge.u32 %p0, %r0, %r2; // p0 <- r1 >= r2
	@!%p0 bra body; // if p0 => body


done:

	ret;
}

