---
source: src/backend/cuda/test.rs
expression: ir.kernel_history()
---
Kernel History:
Launched CUDA Kernel 11879195438241211980 with 3 elements
===============================================
Kernel 11879195438241211980:

.version 8.0
.target sm_86
.address_size 64

.entry cujit(
	.param .align 8 .b8 params[40]) {

	.reg.b8   %b <14>; .reg.b16 %w<14>; .reg.b32 %r<14>;
	.reg.b64  %rd<14>; .reg.f32 %f<14>; .reg.f64 %d<14>;
	.reg.pred %p <14>;

	mov.u32 %r0, %ctaid.x;
	mov.u32 %r1, %ntid.x;
	mov.u32 %r2, %tid.x;
	mad.lo.u32 %r0, %r0, %r1, %r2; // r0 <- Index

	// Index Conditional (jump to done if Index >= Size).
	ld.param.u32 %r2, [params]; // r2 <- params[0] (Size)
	setp.ge.u32 %p0, %r0, %r2; // p0 <- r0 >= r2
	@%p0 bra done; // if p0 => done
	
	mov.u32 %r3, %nctaid.x; // r3 <- nctaid.x
	mul.lo.u32 %r1, %r3, %r1; // r1 <- r3 * r1
	
body: // sm_86

	// [0]: ScheduleVar { op: Literal, deps: [], ty: F32, reg: 4, param_ty: None, data: Literal(1065353216), size: 1, sbt_hash: 0 } =>
	mov.b32 %f4, 0x3f800000;


	// [1]: ScheduleVar { op: Data, deps: [], ty: F32, reg: 6, param_ty: None, data: Buffer(0), size: 3, sbt_hash: 0 } =>

	// [2]: ScheduleVar { op: Idx, deps: [], ty: U32, reg: 7, param_ty: None, data: None, size: 3, sbt_hash: 0 } =>
	mov.u32 %r7, %r0;


	// [3]: ScheduleVar { op: Data, deps: [], ty: Bool, reg: 9, param_ty: None, data: Buffer(1), size: 3, sbt_hash: 0 } =>

	// [4]: ScheduleVar { op: Idx, deps: [], ty: U32, reg: 10, param_ty: None, data: None, size: 1, sbt_hash: 0 } =>
	mov.u32 %r10, %r0;


	// [5]: ScheduleVar { op: Literal, deps: [], ty: Bool, reg: 11, param_ty: None, data: Literal(1), size: 1, sbt_hash: 0 } =>
	mov.pred %p11, 0x1;


	// [6]: ScheduleVar { op: Gather, deps: [SVarId(3), SVarId(4), SVarId(5)], ty: Bool, reg: 12, param_ty: None, data: Buffer(2), size: 3, sbt_hash: 0 } =>
	ld.param.u64 %rd0, [params+16];
	cvt.u64.u32 %rd3, %r10;
	add.u64 %rd3, %rd3, %rd0;
	ld.global.nc.u8 %w0, [%rd3];
	setp.ne.u16 %p12, %w0, 0;

	// [7]: ScheduleVar { op: Scatter { op: None }, deps: [SVarId(0), SVarId(1), SVarId(2), SVarId(6)], ty: Void, reg: 13, param_ty: None, data: None, size: 3, sbt_hash: 0 } =>
	@!%p12 bra l_13_done;

	ld.param.u64 %rd0, [params+8];
	mad.wide.u32 %rd3, %r7, 4, %rd0;
	st.global.f32 [%rd3], %f4;
	l_13_done:

	//End of Kernel:

	add.u32 %r0, %r0, %r1; // r0 <- r0 + r1
	setp.ge.u32 %p0, %r0, %r2; // p0 <- r1 >= r2
	@!%p0 bra body; // if p0 => body


done:

	ret;
}

