---
source: src/backend/cuda/test.rs
expression: ir.kernel_history()
---
Kernel History:
Launched CUDA Kernel 18197920660092135340 with 3 elements
Launched CUDA Kernel 10121738963415121691 with 2 elements
===============================================
Kernel 10121738963415121691:

.version 8.0
.target sm_86
.address_size 64

.entry cujit(
	.param .align 8 .b8 params[24]) {

	.reg.b8   %b <9>; .reg.b16 %w<9>; .reg.b32 %r<9>;
	.reg.b64  %rd<9>; .reg.f32 %f<9>; .reg.f64 %d<9>;
	.reg.pred %p <9>;

	mov.u32 %r0, %ctaid.x;
	mov.u32 %r1, %ntid.x;
	mov.u32 %r2, %tid.x;
	mad.lo.u32 %r0, %r0, %r1, %r2; // r0 <- Index

	// Index Conditional (jump to done if Index >= Size).
	ld.param.u32 %r2, [params]; // r2 <- params[0] (Size)
	setp.ge.u32 %p0, %r0, %r2; // p0 <- r0 >= r2
	@%p0 bra done; // if p0 => done
	
	mov.u32 %r3, %nctaid.x; // r3 <- nctaid.x
	mul.lo.u32 %r1, %r3, %r1; // r1 <- r3 * r1
	
body: // sm_86

	// [0]: ScheduleVar { op: Literal, ty: U32, deps: (0, 0), data: Literal(3), sbt_hash: 0 } =>
	mov.b32 %r4, 0x3;


	// [1]: ScheduleVar { op: Data, ty: U32, deps: (0, 0), data: Buffer(0), sbt_hash: 0 } =>

	// [2]: ScheduleVar { op: Idx, ty: U32, deps: (0, 0), data: None, sbt_hash: 0 } =>
	mov.u32 %r6, %r0;


	// [3]: ScheduleVar { op: Literal, ty: Bool, deps: (0, 0), data: Literal(1), sbt_hash: 0 } =>
	mov.pred %p7, 0x1;


	// [4]: ScheduleVar { op: Scatter { op: None }, ty: Void, deps: (0, 4), data: None, sbt_hash: 0 } =>
	ld.param.u64 %rd0, [params+8];
	mad.wide.u32 %rd3, %r6, 4, %rd0;
	st.global.u32 [%rd3], %r4;

	//End of Kernel:

	add.u32 %r0, %r0, %r1; // r0 <- r0 + r1
	setp.ge.u32 %p0, %r0, %r2; // p0 <- r1 >= r2
	@!%p0 bra body; // if p0 => body


done:

	ret;
}
===============================================
Kernel 18197920660092135340:

.version 8.0
.target sm_86
.address_size 64

.entry cujit(
	.param .align 8 .b8 params[24]) {

	.reg.b8   %b <11>; .reg.b16 %w<11>; .reg.b32 %r<11>;
	.reg.b64  %rd<11>; .reg.f32 %f<11>; .reg.f64 %d<11>;
	.reg.pred %p <11>;

	mov.u32 %r0, %ctaid.x;
	mov.u32 %r1, %ntid.x;
	mov.u32 %r2, %tid.x;
	mad.lo.u32 %r0, %r0, %r1, %r2; // r0 <- Index

	// Index Conditional (jump to done if Index >= Size).
	ld.param.u32 %r2, [params]; // r2 <- params[0] (Size)
	setp.ge.u32 %p0, %r0, %r2; // p0 <- r0 >= r2
	@%p0 bra done; // if p0 => done
	
	mov.u32 %r3, %nctaid.x; // r3 <- nctaid.x
	mul.lo.u32 %r1, %r3, %r1; // r1 <- r3 * r1
	
body: // sm_86

	// [0]: ScheduleVar { op: Literal, ty: U32, deps: (0, 0), data: Literal(2), sbt_hash: 0 } =>
	mov.b32 %r4, 0x2;


	// [1]: ScheduleVar { op: Data, ty: U32, deps: (0, 0), data: Buffer(0), sbt_hash: 0 } =>

	// [2]: ScheduleVar { op: Idx, ty: U32, deps: (0, 0), data: None, sbt_hash: 0 } =>
	mov.u32 %r6, %r0;


	// [3]: ScheduleVar { op: Literal, ty: U32, deps: (0, 0), data: Literal(1), sbt_hash: 0 } =>
	mov.b32 %r7, 0x1;


	// [4]: ScheduleVar { op: Add, ty: U32, deps: (0, 2), data: None, sbt_hash: 0 } =>
	add.u32 %r8, %r6, %r7;

	// [5]: ScheduleVar { op: Literal, ty: Bool, deps: (2, 2), data: Literal(1), sbt_hash: 0 } =>
	mov.pred %p9, 0x1;


	// [6]: ScheduleVar { op: Scatter { op: None }, ty: Void, deps: (2, 6), data: None, sbt_hash: 0 } =>
	ld.param.u64 %rd0, [params+8];
	mad.wide.u32 %rd3, %r8, 4, %rd0;
	st.global.u32 [%rd3], %r4;

	//End of Kernel:

	add.u32 %r0, %r0, %r1; // r0 <- r0 + r1
	setp.ge.u32 %p0, %r0, %r2; // p0 <- r1 >= r2
	@!%p0 bra body; // if p0 => body


done:

	ret;
}

