---
source: src/backend/cuda/test.rs
expression: ir.kernel_history()
---
Kernel History:
Launched CUDA Kernel 14022253875032885094 with 4 elements
Launched CUDA Kernel 3052517297136856993 with 3 elements
===============================================
Kernel 3052517297136856993:

.version 8.0
.target sm_86
.address_size 64

.entry cujit(
	.param .align 8 .b8 params[24]) {

	.reg.b8   %b <12>; .reg.b16 %w<12>; .reg.b32 %r<12>;
	.reg.b64  %rd<12>; .reg.f32 %f<12>; .reg.f64 %d<12>;
	.reg.pred %p <12>;

	mov.u32 %r0, %ctaid.x;
	mov.u32 %r1, %ntid.x;
	mov.u32 %r2, %tid.x;
	mad.lo.u32 %r0, %r0, %r1, %r2; // r0 <- Index

	// Index Conditional (jump to done if Index >= Size).
	ld.param.u32 %r2, [params]; // r2 <- params[0] (Size)
	setp.ge.u32 %p0, %r0, %r2; // p0 <- r0 >= r2
	@%p0 bra done; // if p0 => done
	
	mov.u32 %r3, %nctaid.x; // r3 <- nctaid.x
	mul.lo.u32 %r1, %r3, %r1; // r1 <- r3 * r1
	
body: // sm_86

	// [0]: ScheduleVar { op: Literal, deps: [], ty: U32, reg: 4, param_ty: None, data: Literal(2), size: 1, sbt_hash: 0 } =>
	mov.b32 %r4, 0x2;


	// [1]: ScheduleVar { op: Data, deps: [], ty: U32, reg: 6, param_ty: None, data: Buffer(0), size: 4, sbt_hash: 0 } =>

	// [2]: ScheduleVar { op: Idx, deps: [], ty: U32, reg: 7, param_ty: None, data: None, size: 3, sbt_hash: 0 } =>
	mov.u32 %r7, %r0;


	// [3]: ScheduleVar { op: Literal, deps: [], ty: U32, reg: 8, param_ty: None, data: Literal(1), size: 1, sbt_hash: 0 } =>
	mov.b32 %r8, 0x1;


	// [4]: ScheduleVar { op: Add, deps: [SVarId(2), SVarId(3)], ty: U32, reg: 9, param_ty: None, data: None, size: 3, sbt_hash: 0 } =>
	add.u32 %r9, %r7, %r8;

	// [5]: ScheduleVar { op: Literal, deps: [], ty: Bool, reg: 10, param_ty: None, data: Literal(1), size: 1, sbt_hash: 0 } =>
	mov.pred %p10, 0x1;


	// [6]: ScheduleVar { op: Scatter { op: None }, deps: [SVarId(0), SVarId(1), SVarId(4), SVarId(5)], ty: Void, reg: 11, param_ty: None, data: None, size: 3, sbt_hash: 0 } =>
	ld.param.u64 %rd0, [params+8];
	mad.wide.u32 %rd3, %r9, 4, %rd0;
	st.global.u32 [%rd3], %r4;

	//End of Kernel:

	add.u32 %r0, %r0, %r1; // r0 <- r0 + r1
	setp.ge.u32 %p0, %r0, %r2; // p0 <- r1 >= r2
	@!%p0 bra body; // if p0 => body


done:

	ret;
}
===============================================
Kernel 14022253875032885094:

.version 8.0
.target sm_86
.address_size 64

.entry cujit(
	.param .align 8 .b8 params[40]) {

	.reg.b8   %b <11>; .reg.b16 %w<11>; .reg.b32 %r<11>;
	.reg.b64  %rd<11>; .reg.f32 %f<11>; .reg.f64 %d<11>;
	.reg.pred %p <11>;

	mov.u32 %r0, %ctaid.x;
	mov.u32 %r1, %ntid.x;
	mov.u32 %r2, %tid.x;
	mad.lo.u32 %r0, %r0, %r1, %r2; // r0 <- Index

	// Index Conditional (jump to done if Index >= Size).
	ld.param.u32 %r2, [params]; // r2 <- params[0] (Size)
	setp.ge.u32 %p0, %r0, %r2; // p0 <- r0 >= r2
	@%p0 bra done; // if p0 => done
	
	mov.u32 %r3, %nctaid.x; // r3 <- nctaid.x
	mul.lo.u32 %r1, %r3, %r1; // r1 <- r3 * r1
	
body: // sm_86

	// [0]: ScheduleVar { op: Data, deps: [], ty: U32, reg: 5, param_ty: None, data: Buffer(0), size: 4, sbt_hash: 0 } =>

	// [1]: ScheduleVar { op: Idx, deps: [], ty: U32, reg: 6, param_ty: None, data: None, size: 1, sbt_hash: 0 } =>
	mov.u32 %r6, %r0;


	// [2]: ScheduleVar { op: Literal, deps: [], ty: Bool, reg: 7, param_ty: None, data: Literal(1), size: 1, sbt_hash: 0 } =>
	mov.pred %p7, 0x1;


	// [3]: ScheduleVar { op: Gather, deps: [SVarId(0), SVarId(1), SVarId(2)], ty: U32, reg: 8, param_ty: None, data: Buffer(1), size: 4, sbt_hash: 0 } =>
	ld.param.u64 %rd0, [params+8];
	mad.wide.u32 %rd3, %r6, 4, %rd0;
	ld.global.nc.u32 %r8, [%rd3];

	// [4]: ScheduleVar { op: Literal, deps: [], ty: U32, reg: 9, param_ty: None, data: Literal(1), size: 1, sbt_hash: 0 } =>
	mov.b32 %r9, 0x1;


	// [5]: ScheduleVar { op: Add, deps: [SVarId(3), SVarId(4)], ty: U32, reg: 10, param_ty: Output, data: Buffer(2), size: 4, sbt_hash: 0 } =>
	add.u32 %r10, %r8, %r9;

	// Store:
	ld.param.u64 %rd0, [params + 24]; // rd0 <- params[offset]
	mad.wide.u32 %rd0, %r0, 4, %rd0; // rd0 <- Index * ty.size() + params[offset]
	st.global.cs.u32 [%rd0], %r10; // (Index * ty.size() + params[offset])[Index] <- var

	//End of Kernel:

	add.u32 %r0, %r0, %r1; // r0 <- r0 + r1
	setp.ge.u32 %p0, %r0, %r2; // p0 <- r1 >= r2
	@!%p0 bra body; // if p0 => body


done:

	ret;
}

