---
source: src/test.rs
expression: ir.kernel_history()
---
Kernel History:
Launched CUDA Kernel 13024897214643680041 with 3 elements
===============================================
Kernel 13024897214643680041:

.version 8.0
.target sm_86
.address_size 64

.entry cujit(
	.param .align 8 .b8 params[32]) {

	.reg.b8   %b <7>; .reg.b16 %w<7>; .reg.b32 %r<7>;
	.reg.b64  %rd<7>; .reg.f32 %f<7>; .reg.f64 %d<7>;
	.reg.pred %p <7>;

	mov.u32 %r0, %ctaid.x;
	mov.u32 %r1, %ntid.x;
	mov.u32 %r2, %tid.x;
	mad.lo.u32 %r0, %r0, %r1, %r2; // r0 <- Index

	// Index Conditional (jump to done if Index >= Size).
	ld.param.u32 %r2, [params]; // r2 <- params[0] (Size)
	setp.ge.u32 %p0, %r0, %r2; // p0 <- r0 >= r2
	@%p0 bra done; // if p0 => done
	
	mov.u32 %r3, %nctaid.x; // r3 <- nctaid.x
	mul.lo.u32 %r1, %r3, %r1; // r1 <- r3 * r1
	
body: // sm_86

	// [0]: ScheduleVar { op: Data, deps: [], ty: U32, param_ty: Input, reg: 5, buf: Some(0), tex: None, accel: None, opaque: None, literal: 0, size: 3, sbt_hash: 0 } =>
	ld.param.u64 %rd0, [params+16];
	mad.wide.u32 %rd0, %r0, 4, %rd0;
	ld.global.cs.u32 %r5, [%rd0];

	// [1]: ScheduleVar { op: Literal, deps: [], ty: U32, param_ty: None, reg: 6, buf: None, tex: None, accel: None, opaque: Some(0), literal: 0, size: 1, sbt_hash: 0 } =>
	ld.param.b32 %r6, [params+8];

	// [2]: ScheduleVar { op: Add, deps: [SVarId(0), SVarId(1)], ty: U32, param_ty: Output, reg: 4, buf: Some(1), tex: None, accel: None, opaque: None, literal: 0, size: 3, sbt_hash: 0 } =>
	add.u32 %r4, %r5, %r6;

	// Store:
	ld.param.u64 %rd0, [params + 24]; // rd0 <- params[offset]
	mad.wide.u32 %rd0, %r0, 4, %rd0; // rd0 <- Index * ty.size() + params[offset]
	st.global.cs.u32 [%rd0], %r4; // (Index * ty.size() + params[offset])[Index] <- var

	//End of Kernel:

	add.u32 %r0, %r0, %r1; // r0 <- r0 + r1
	setp.ge.u32 %p0, %r0, %r2; // p0 <- r1 >= r2
	@!%p0 bra body; // if p0 => body


done:

	ret;
}

